------------------------------------------------------------
Timing Analyzer Summary
------------------------------------------------------------

Type  : Slow 1100mV 85C Model Setup 'KEY[0]'
Slack : -0.600
TNS   : -0.600

Type  : Slow 1100mV 85C Model Hold 'KEY[0]'
Slack : 0.059
TNS   : 0.000

Type  : Slow 1100mV 85C Model Minimum Pulse Width 'KEY[0]'
Slack : -0.452
TNS   : -0.846

Type  : Slow 1100mV 0C Model Setup 'KEY[0]'
Slack : -0.559
TNS   : -0.559

Type  : Slow 1100mV 0C Model Hold 'KEY[0]'
Slack : 0.045
TNS   : 0.000

Type  : Slow 1100mV 0C Model Minimum Pulse Width 'KEY[0]'
Slack : -0.482
TNS   : -0.876

Type  : Fast 1100mV 85C Model Setup 'KEY[0]'
Slack : -0.075
TNS   : -0.075

Type  : Fast 1100mV 85C Model Hold 'KEY[0]'
Slack : -0.001
TNS   : -0.001

Type  : Fast 1100mV 85C Model Minimum Pulse Width 'KEY[0]'
Slack : -0.567
TNS   : -0.950

Type  : Fast 1100mV 0C Model Setup 'KEY[0]'
Slack : -0.033
TNS   : -0.033

Type  : Fast 1100mV 0C Model Hold 'KEY[0]'
Slack : -0.023
TNS   : -0.023

Type  : Fast 1100mV 0C Model Minimum Pulse Width 'KEY[0]'
Slack : -0.617
TNS   : -1.108

------------------------------------------------------------
