------------------------------------------------------------
Timing Analyzer Summary
------------------------------------------------------------

Type  : Slow 1100mV 85C Model Setup 'KEY[0]'
Slack : -0.343
TNS   : -1.920

Type  : Slow 1100mV 85C Model Hold 'KEY[0]'
Slack : 0.217
TNS   : 0.000

Type  : Slow 1100mV 85C Model Minimum Pulse Width 'KEY[0]'
Slack : -0.394
TNS   : -5.272

Type  : Slow 1100mV 0C Model Setup 'KEY[0]'
Slack : -0.329
TNS   : -1.375

Type  : Slow 1100mV 0C Model Hold 'KEY[0]'
Slack : 0.274
TNS   : 0.000

Type  : Slow 1100mV 0C Model Minimum Pulse Width 'KEY[0]'
Slack : -0.394
TNS   : -5.620

Type  : Fast 1100mV 85C Model Setup 'KEY[0]'
Slack : 0.259
TNS   : 0.000

Type  : Fast 1100mV 85C Model Hold 'KEY[0]'
Slack : 0.140
TNS   : 0.000

Type  : Fast 1100mV 85C Model Minimum Pulse Width 'KEY[0]'
Slack : -0.568
TNS   : -7.337

Type  : Fast 1100mV 0C Model Setup 'KEY[0]'
Slack : 0.322
TNS   : 0.000

Type  : Fast 1100mV 0C Model Hold 'KEY[0]'
Slack : 0.146
TNS   : 0.000

Type  : Fast 1100mV 0C Model Minimum Pulse Width 'KEY[0]'
Slack : -0.609
TNS   : -8.108

------------------------------------------------------------
